[backblue.gif]
[fade.gif]
[index.html]
[kewaqi.com/upfile/20220831100106624.png]
[at.alicdn.com/t/c/font_3587481_050qohamckwp.css]
[kewaqi.com/templates/netskin/images/logo.png]
[kewaqi.com/html/cn/index3c87.html]
[kewaqi.com/html/cn/index.html]
[kewaqi.com/html/cn/indexd57c.html]
[kewaqi.com/html/cn/indexa04e.html]
[kewaqi.com/html/cn/index8142.html]
[kewaqi.com/html/cn/indexc8d5.html]
[kewaqi.com/html/cn/index22a1.html]
[kewaqi.com/html/cn/indexbecc.html]
[kewaqi.com/html/cn/indexa564.html]
[kewaqi.com/html/cn/index180a.html]
[kewaqi.com/html/cn/index73ae.html]
[kewaqi.com/html/cn/indexc17f.html]
[kewaqi.com/html/cn/index0afe.html]
[kewaqi.com/html/cn/indexf602.html]
[kewaqi.com/html/cn/indexe4fa.html]
[kewaqi.com/html/cn/index13f4.html]
[kewaqi.com/html/cn/index0d8a.html]
[kewaqi.com/index8142.html]
[kewaqi.com/html/en/index.html]
[kewaqi.com/upfile/20220820081558364.jpg]
[kewaqi.com/upfile/20220820095827361.jpg]
[kewaqi.com/upfile/20220820171903661.jpg]
[kewaqi.com/indexc8d5.html]
[kewaqi.com/templates/netskin/images/in-bg4.jpg]
[kewaqi.com/upfile/20220816131640308.png]
[kewaqi.com/index22a1.html]
[kewaqi.com/upfile/20220816124825832.png]
[kewaqi.com/indexbecc.html]
[kewaqi.com/indexa564.html]
[kewaqi.com/upfile/20220816132130616.png]
[kewaqi.com/index180a.html]
[kewaqi.com/upfile/20220816125539753.png]
[kewaqi.com/index73ae.html]
[kewaqi.com/upfile/20220816132456824.png]
[kewaqi.com/index9842.html]
[kewaqi.com/espcms_datacache/dbpic/600_600_fb0c906aa8ec7a027983f7dc4fcfa515.jpg]
[kewaqi.com/indexbd03.html]
[kewaqi.com/espcms_datacache/dbpic/600_600_212702dc02e12fc64ca750f7bd6938ae.jpg]
[kewaqi.com/indexb2a0.html]
[kewaqi.com/espcms_datacache/dbpic/600_600_e4d1458afdad7e3a3a5698359076ac9f.jpg]
[kewaqi.com/indexfcd2.html]
[kewaqi.com/espcms_datacache/dbpic/600_600_fe50c516b5f40da4db5ac81000d49019.jpg]
[kewaqi.com/index98c1.html]
[kewaqi.com/espcms_datacache/dbpic/600_600_5d706068e2ada529e05f248d243f17d7.jpg]
[kewaqi.com/indexf0f7.html]
[kewaqi.com/espcms_datacache/dbpic/600_600_adcbf9ada803759bccb84023f7e1fe69.jpg]
[kewaqi.com/indexd57c.html]
[kewaqi.com/indexa04e.html]
[kewaqi.com/templates/netskin/images/in-img1.png]
[kewaqi.com/templates/netskin/images/in-img2.png]
[kewaqi.com/templates/netskin/images/in-img3.png]
[kewaqi.com/templates/netskin/images/in-img4.png]
[kewaqi.com/espcms_datacache/dbpic/640_640_09752f4815f860f39824647d52e31144.jpg]
[kewaqi.com/espcms_datacache/dbpic/640_640_91f6414d37b28352c9b82b3ae23acb03.jpg]
[kewaqi.com/espcms_datacache/dbpic/640_640_2fc5c98b47c2572e59d8671e7d622f61.jpg]
[kewaqi.com/espcms_datacache/dbpic/640_640_ef43fce3954ee9ff78223f49974aa35d.jpg]
[kewaqi.com/espcms_datacache/dbpic/640_640_a45c0735e749d2cadecc7f6cc357292f.jpg]
[kewaqi.com/espcms_datacache/dbpic/640_640_83276b00ba8ddaedd36225cafdb0ee60.jpg]
[kewaqi.com/espcms_datacache/dbpic/640_640_5f3cf3a3102a7b3c513de8013da3b598.jpg]
[kewaqi.com/espcms_datacache/dbpic/640_640_c0b9230cdca3da3ad985cb46994bb175.jpg]
[kewaqi.com/espcms_datacache/dbpic/640_640_8ddd5aa8dacb5d4313ca2055a236e7a1.jpg]
[kewaqi.com/espcms_datacache/dbpic/640_640_da11b2d14055330c09106d59c33505db.jpg]
[kewaqi.com/templates/netskin/images/footer-bg.png]
[kewaqi.com/templates/netskin/images/qrcode.jpg]
[kewaqi.com/templates/netskin/images/foot-left-bg.png]
[kewaqi.com/index3c87.html]
[kewaqi.com/indexc17f.html]
[kewaqi.com/index13f4.html]
[kewaqi.com/index0d8a.html]
[kewaqi.com/templates/netskin/images/foot-right-bg.png]
[kewaqi.com/templates/netskin/js/wow.min.js]
[kewaqi.com/templates/netskin/js/jquery-1.11.1.min.js]
[kewaqi.com/templates/netskin/swiper/js/swiper.min.js]
[kewaqi.com/templates/netskin/js/main.js]
[kewaqi.com/index.html]
[at.alicdn.com/t/c/font_3587481_050qohamckwp19fb.woff2]
[at.alicdn.com/t/c/font_3587481_050qohamckwp19fb.woff]
[at.alicdn.com/t/c/font_3587481_050qohamckwp19fb.ttf]
[at.alicdn.com/t/c/font_3587481_050qohamckwp.css]
[kewaqi.com/templates/netskin/css/animate.css]
[kewaqi.com/templates/netskin/swiper/css/swiper.min.css]
[kewaqi.com/templates/netskin/fonts/TwCenMT-Regular.eot]
[kewaqi.com/templates/netskin/fonts/TwCenMT-Regular.woff]
[kewaqi.com/templates/netskin/fonts/TwCenMT-Regular.woff2]
[kewaqi.com/templates/netskin/fonts/DINCond-BlackAlternate.eot]
[kewaqi.com/templates/netskin/fonts/DINCond-BlackAlternate.woff]
[kewaqi.com/templates/netskin/fonts/DINCond-BlackAlternate.woff2]
[kewaqi.com/templates/netskin/fonts/DINCond-RegularAlternate.eot]
[kewaqi.com/templates/netskin/fonts/DINCond-RegularAlternate.woff]
[kewaqi.com/templates/netskin/fonts/DINCond-RegularAlternate.woff2]
[kewaqi.com/templates/netskin/fonts/DINCond-RegularAlternate.ttf]
[kewaqi.com/templates/netskin/images/foot-center-bg.png]
[kewaqi.com/templates/netskin/css/reset.css]
[kewaqi.com/templates/netskin/images/in-bg3.jpg]
[kewaqi.com/templates/netskin/images/in-bg2.jpg]
[kewaqi.com/templates/netskin/images/in-bg1.jpg]
[kewaqi.com/templates/netskin/css/index.css]
[kewaqi.com/html/cn/index.html]
[kewaqi.com/upfile/20220824120645125.jpg]
[kewaqi.com/templates/netskin/images/img1.jpg]
[kewaqi.com/templates/netskin/images/img2.jpg]
[kewaqi.com/upfile/20220815181555261.jpg]
[kewaqi.com/espcms_datacache/dbpic/800_530_09752f4815f860f39824647d52e31144.jpg]
[kewaqi.com/upfile/20220815181605389.jpg]
[kewaqi.com/espcms_datacache/dbpic/800_530_91f6414d37b28352c9b82b3ae23acb03.jpg]
[kewaqi.com/upfile/20220815181635210.jpg]
[kewaqi.com/espcms_datacache/dbpic/800_530_2fc5c98b47c2572e59d8671e7d622f61.jpg]
[kewaqi.com/upfile/20220815181659697.jpg]
[kewaqi.com/espcms_datacache/dbpic/800_530_ef43fce3954ee9ff78223f49974aa35d.jpg]
[kewaqi.com/upfile/20220815181718929.jpg]
[kewaqi.com/espcms_datacache/dbpic/800_530_a45c0735e749d2cadecc7f6cc357292f.jpg]
[kewaqi.com/upfile/20220815181737300.jpg]
[kewaqi.com/espcms_datacache/dbpic/800_530_83276b00ba8ddaedd36225cafdb0ee60.jpg]
[kewaqi.com/upfile/20220815181810931.jpg]
[kewaqi.com/espcms_datacache/dbpic/800_530_5f3cf3a3102a7b3c513de8013da3b598.jpg]
[kewaqi.com/espcms_datacache/dbpic/800_530_c0b9230cdca3da3ad985cb46994bb175.jpg]
[kewaqi.com/upfile/20220815181918130.jpg]
[kewaqi.com/espcms_datacache/dbpic/800_530_8ddd5aa8dacb5d4313ca2055a236e7a1.jpg]
[kewaqi.com/upfile/20220815181940474.jpg]
[kewaqi.com/espcms_datacache/dbpic/800_530_da11b2d14055330c09106d59c33505db.jpg]
[kewaqi.com/upfile/20220815181959141.jpg]
[kewaqi.com/espcms_datacache/dbpic/800_530_7c83030a51b5fbc42af9df699d875dd9.jpg]
[kewaqi.com/upfile/20220815182016354.jpg]
[kewaqi.com/espcms_datacache/dbpic/800_530_2e43e8eb72980ed7a2e9b77aaa5a0a72.jpg]
[kewaqi.com/upfile/20220815182037413.jpg]
[kewaqi.com/espcms_datacache/dbpic/800_530_a32a5ac9e659ab9d0956bbf114bd0185.jpg]
[kewaqi.com/upfile/20220815182055224.jpg]
[kewaqi.com/espcms_datacache/dbpic/800_530_5e54e528399848dcbf59a59904484c03.jpg]
[kewaqi.com/upfile/20220815182115841.jpg]
[kewaqi.com/espcms_datacache/dbpic/800_530_dd1eba70aa70006916c163c1cdacfbb3.jpg]
[kewaqi.com/upfile/20220815182134111.jpg]
[kewaqi.com/espcms_datacache/dbpic/800_530_8fc32958fb0c72c843f7946d75722328.jpg]
[kewaqi.com/upfile/20220815182200277.jpg]
[kewaqi.com/espcms_datacache/dbpic/800_530_982226c9e73a68268746486150b51bf1.jpg]
[kewaqi.com/templates/netskin/js/lightGallery.min.js]
[kewaqi.com/html/cn/index3c87.html]
[kewaqi.com/html/cn/indexd57c.html]
[kewaqi.com/html/cn/indexa04e.html]
[kewaqi.com/upfile/20220824120823382.jpg]
[kewaqi.com/index3876.html]
[kewaqi.com/indexa6b4.html]
[kewaqi.com/indexecca.html]
[kewaqi.com/index7ae7.html]
[kewaqi.com/index23aa.html]
[kewaqi.com/index9f4a.html]
[kewaqi.com/index76b8.html]
[kewaqi.com/index664e.html]
[kewaqi.com/index30f3.html]
[kewaqi.com/indexb7fc.html]
[kewaqi.com/espcms_datacache/dbpic/480_480_2b93a8d4773979cd4766f0d177cd8d5b.jpg]
[kewaqi.com/espcms_datacache/dbpic/480_480_f86bf45f35dffca5615389212a032173.jpg]
[kewaqi.com/espcms_datacache/dbpic/480_480_17c326ab6b072abfe2cd2279b73431be.jpg]
[kewaqi.com/espcms_datacache/dbpic/480_480_3fa92fd3109540c97cc335de99b55462.jpg]
[kewaqi.com/espcms_datacache/dbpic/480_480_f05068ab6025a18cee2d27aef29a97b7.jpg]
[kewaqi.com/espcms_datacache/dbpic/480_480_63eaf552e3368949dc8caac37a950f67.jpg]
[kewaqi.com/index2688.html]
[kewaqi.com/espcms_datacache/dbpic/640_640_b2cf7a88f47c2f55062c6438ddd3eeed.jpg]
[kewaqi.com/index8ac1.html]
[kewaqi.com/espcms_datacache/dbpic/640_640_8b45115ab3300a9d009a336d1a9d6e03.jpg]
[kewaqi.com/index740c.html]
[kewaqi.com/espcms_datacache/dbpic/640_640_9a94a016482a24dc5b5e53376ca38b50.jpg]
[kewaqi.com/indexbec2.html]
[kewaqi.com/espcms_datacache/dbpic/640_640_3689f03e39c6cc40a6a6cb38312383c1.jpg]
[kewaqi.com/index376e.html]
[kewaqi.com/espcms_datacache/dbpic/640_640_a0558629eccfddd70594684b4a903241.jpg]
[kewaqi.com/index5ada.html]
[kewaqi.com/espcms_datacache/dbpic/640_640_4eac403b5102bcad36a9dbcf8fbef1c6.jpg]
[kewaqi.com/index657a.html]
[kewaqi.com/espcms_datacache/dbpic/640_640_b4580ba10b5d056aaebebf062ccb60c9.jpg]
[kewaqi.com/index288e.html]
[kewaqi.com/espcms_datacache/dbpic/640_640_d7545f444bd15483aeeec00b213f814f.jpg]
[kewaqi.com/indexf326.html]
[kewaqi.com/espcms_datacache/dbpic/640_640_299b8819427975cb474001bcb566d35f.jpg]
[kewaqi.com/index2482.html]
[kewaqi.com/espcms_datacache/dbpic/640_640_cca49ac9e2fbc995537f728464499c64.jpg]
[kewaqi.com/index64eb.html]
[kewaqi.com/espcms_datacache/dbpic/640_640_af0eea5d599e166b3d07a4360c3c9dcc.jpg]
[kewaqi.com/index8d44.html]
[kewaqi.com/espcms_datacache/dbpic/640_640_23c6ab845fc2f7f5f9fbaa41e48e996c.jpg]
[kewaqi.com/index0e85.html]
[kewaqi.com/index9076.html]
[kewaqi.com/indexbde0.html]
[kewaqi.com/html/cn/index8142.html]
[kewaqi.com/index83da.html]
[kewaqi.com/espcms_datacache/dbpic/640_640_628b169aca29646fd8ea3b34204815dc.jpg]
[kewaqi.com/index4e98.html]
[kewaqi.com/espcms_datacache/dbpic/640_640_b65636e572b8a5e18001fcce3a210bac.jpg]
[kewaqi.com/indexf48b.html]
[kewaqi.com/espcms_datacache/dbpic/640_640_837787ce55f8acbb338b3a7724fe1cbf.jpg]
[kewaqi.com/indexd9c8.html]
[kewaqi.com/espcms_datacache/dbpic/640_640_a3b15d5568ce5a7059f66c34e4a78f47.jpg]
[kewaqi.com/index915c.html]
[kewaqi.com/espcms_datacache/dbpic/640_640_a3a021c763d7f6021a3b8243844a0db9.jpg]
[kewaqi.com/indexa5cc.html]
[kewaqi.com/espcms_datacache/dbpic/640_640_8665728e63c784091753e44073d0f314.jpg]
[kewaqi.com/index1c7f.html]
[kewaqi.com/espcms_datacache/dbpic/640_640_86460c6015651cf95a0ce7b2cb6d8904.jpg]
[kewaqi.com/indexaea6.html]
[kewaqi.com/espcms_datacache/dbpic/640_640_684fdee7963f3acddb13a1e6641aae18.jpg]
[kewaqi.com/espcms_datacache/dbpic/640_640_63eaf552e3368949dc8caac37a950f67.jpg]
[kewaqi.com/index7853.html]
[kewaqi.com/espcms_datacache/dbpic/640_640_262f7d282b7d7a670fd89f9a496eb799.jpg]
[kewaqi.com/indexf525.html]
[kewaqi.com/espcms_datacache/dbpic/640_640_20ad705e99336951e55838347042c1ee.jpg]
[kewaqi.com/espcms_datacache/dbpic/640_640_f05068ab6025a18cee2d27aef29a97b7.jpg]
[kewaqi.com/index9aba.html]
[kewaqi.com/html/cn/indexc8d5.html]
[kewaqi.com/index59cc.html]
[kewaqi.com/espcms_datacache/dbpic/640_640_0ca53fe0cdbea6b0c51ed8e8d01685bd.jpg]
[kewaqi.com/indexef4b.html]
[kewaqi.com/espcms_datacache/dbpic/640_640_10f9a988b34ba981bb0507abf110b599.jpg]
[kewaqi.com/indexb24f.html]
[kewaqi.com/espcms_datacache/dbpic/640_640_670e9de8a8b21855d2a31916f135b564.jpg]
[kewaqi.com/index3ec1.html]
[kewaqi.com/espcms_datacache/dbpic/640_640_bbc42e89329b2d928c5b8bdb4357b1f2.jpg]
[kewaqi.com/index6ce2.html]
[kewaqi.com/espcms_datacache/dbpic/640_640_a665121726a2d63bc1fde513f7eefdca.jpg]
[kewaqi.com/indexa77a.html]
[kewaqi.com/espcms_datacache/dbpic/640_640_95916a7361ff3e022f8fd9715cda5fd7.jpg]
[kewaqi.com/indexc067.html]
[kewaqi.com/espcms_datacache/dbpic/640_640_1cfd9f2c2d125718001ca49a9c245688.jpg]
[kewaqi.com/index5b31.html]
[kewaqi.com/html/cn/index22a1.html]
[kewaqi.com/html/cn/indexbecc.html]
[kewaqi.com/html/cn/indexa564.html]
[kewaqi.com/html/cn/index180a.html]
[kewaqi.com/html/cn/index73ae.html]
[kewaqi.com/upfile/20220817093720239.jpg]
[kewaqi.com/index0afe.html]
[kewaqi.com/indexf602.html]
[kewaqi.com/indexe4fa.html]
[kewaqi.com/index0f6d.html]
[kewaqi.com/indexfc10.html]
[kewaqi.com/espcms_datacache/dbpic/960_480_7583997bfee2cc02b134aa12316826f5.png]
[kewaqi.com/html/cn/indexc17f.html]
[kewaqi.com/html/cn/index0afe.html]
[kewaqi.com/html/cn/indexf602.html]
[kewaqi.com/html/cn/indexe4fa.html]
[kewaqi.com/upfile/20220824120357138.jpg]
[kewaqi.com/templates/netskin/images/servicing_icon_red.png]
[kewaqi.com/templates/netskin/images/maintenance_icon_red.png]
[kewaqi.com/templates/netskin/images/mower-icon.png]
[kewaqi.com/templates/netskin/images/repairs-icon.png]
[kewaqi.com/templates/netskin/images/spares.png]
[kewaqi.com/templates/netskin/images/hire-logo.png]
[kewaqi.com/js/My97DatePicker/WdatePicker.js]
[kewaqi.com/espcms_includes/js/espcms_dialog.js]
[kewaqi.com/espcms_includes/js/espcms_formvalidation.js]
[kewaqi.com/indexef71.png]
[kewaqi.com/espcms_includes/js/espcms_base.js]
[kewaqi.com/html/cn/index13f4.html]
[kewaqi.com/upfile/20220816173535950.jpg]
[kewaqi.com/templates/netskin/js/mapcn.js]
[kewaqi.com/html/cn/index0d8a.html]
[kewaqi.com/index6968.html]
[kewaqi.com/indexb681.html]
[kewaqi.com/index4819.html]
[kewaqi.com/index0b81.html]
[kewaqi.com/index5f2d.html]
[kewaqi.com/index9e10.html]
[kewaqi.com/index5b5c.html]
[kewaqi.com/indexe044.html]
[kewaqi.com/index1fc9.html]
[kewaqi.com/index37bc.html]
[kewaqi.com/index252a.html]
[kewaqi.com/index19de.html]
[kewaqi.com/index5b2b.html]
[kewaqi.com/index0af0.html]
[kewaqi.com/indexadf5.html]
[kewaqi.com/index2fe8.html]
[kewaqi.com/html/en/index0b81.html]
[kewaqi.com/upfile/20220814123320178.jpg]
[kewaqi.com/upfile/20220820095521505.jpg]
[kewaqi.com/upfile/20220820171659952.jpg]
[kewaqi.com/html/en/index5f2d.html]
[kewaqi.com/upfile/20220816124201514.png]
[kewaqi.com/html/en/index9e10.html]
[kewaqi.com/html/en/index5b5c.html]
[kewaqi.com/html/en/indexe044.html]
[kewaqi.com/html/en/index1fc9.html]
[kewaqi.com/html/en/index37bc.html]
[kewaqi.com/html/en/index7e75.html]
[kewaqi.com/html/en/indexc900.html]
[kewaqi.com/html/en/indexf6f8.html]
[kewaqi.com/html/en/indexb2c5.html]
[kewaqi.com/html/en/index05f3.html]
[kewaqi.com/html/en/indexcb6b.html]
[kewaqi.com/html/en/indexb681.html]
[kewaqi.com/html/en/index4819.html]
[kewaqi.com/html/en/index5fc1.html]
[kewaqi.com/html/en/indexb812.html]
[kewaqi.com/html/en/indexba6a.html]
[kewaqi.com/html/en/index6968.html]
[kewaqi.com/html/en/index252a.html]
[kewaqi.com/html/en/indexadf5.html]
[kewaqi.com/html/en/index2fe8.html]
[kewaqi.com/html/en/index.html]
[kewaqi.com/index8142.html]
[kewaqi.com/indexc8d5.html]
[kewaqi.com/index22a1.html]
[kewaqi.com/indexbecc.html]
[kewaqi.com/indexa564.html]
[kewaqi.com/index180a.html]
[kewaqi.com/index73ae.html]
[kewaqi.com/upfile/20221007153428559.jpg]
[kewaqi.com/espcms_datacache/dbpic/600_600_b2cf7a88f47c2f55062c6438ddd3eeed.jpg]
[kewaqi.com/espcms_datacache/dbpic/600_600_8b45115ab3300a9d009a336d1a9d6e03.jpg]
[kewaqi.com/espcms_datacache/dbpic/600_600_9a94a016482a24dc5b5e53376ca38b50.jpg]
[kewaqi.com/espcms_datacache/dbpic/600_600_3689f03e39c6cc40a6a6cb38312383c1.jpg]
[kewaqi.com/espcms_datacache/dbpic/600_600_a0558629eccfddd70594684b4a903241.jpg]
[kewaqi.com/espcms_datacache/dbpic/600_600_4eac403b5102bcad36a9dbcf8fbef1c6.jpg]
[kewaqi.com/espcms_datacache/dbpic/600_600_b4580ba10b5d056aaebebf062ccb60c9.jpg]
[kewaqi.com/espcms_datacache/dbpic/600_600_d7545f444bd15483aeeec00b213f814f.jpg]
[kewaqi.com/espcms_datacache/dbpic/600_600_299b8819427975cb474001bcb566d35f.jpg]
[kewaqi.com/espcms_datacache/dbpic/600_600_cca49ac9e2fbc995537f728464499c64.jpg]
[kewaqi.com/espcms_datacache/dbpic/600_600_af0eea5d599e166b3d07a4360c3c9dcc.jpg]
[kewaqi.com/espcms_datacache/dbpic/600_600_23c6ab845fc2f7f5f9fbaa41e48e996c.jpg]
[kewaqi.com/index9842.html]
[kewaqi.com/upfile/13a917f5f1f901a660e86346779a37ca.jpg]
[kewaqi.com/indexbd03.html]
[kewaqi.com/upfile/20221007153551334.jpg]
[kewaqi.com/indexb2a0.html]
[kewaqi.com/upfile/85a7c7f94c66aa89b371e3fcd3cd50fe.jpg]
[kewaqi.com/indexfcd2.html]
[kewaqi.com/upfile/20221007153956775.jpg]
[kewaqi.com/index98c1.html]
[kewaqi.com/upfile/f722494bf982bf4adcfe3e4ff088ef2a.jpg]
[kewaqi.com/indexf0f7.html]
[kewaqi.com/indexd57c.html]
[kewaqi.com/indexa04e.html]
[kewaqi.com/index3c87.html]
[kewaqi.com/indexc17f.html]
[kewaqi.com/index13f4.html]
[kewaqi.com/index0d8a.html]
[kewaqi.com/templates/netskin/fonts/TwCenMT-Regular.html]
[kewaqi.com/templates/netskin/fonts/TwCenMT-Regular.svg]
[kewaqi.com/templates/netskin/fonts/DINCond-BlackAlternate.html]
[kewaqi.com/templates/netskin/fonts/DINCond-BlackAlternate.svg]
[kewaqi.com/templates/netskin/fonts/DINCond-RegularAlternate.svg]
[kewaqi.com/templates/netskin/fonts/lgd641.eot]
[kewaqi.com/templates/netskin/fonts/lgd41d.eot]
[kewaqi.com/templates/netskin/fonts/lgd641.woff]
[kewaqi.com/templates/netskin/fonts/lgd641.ttf]
[kewaqi.com/templates/netskin/img/loading.gif]
[kewaqi.com/templates/netskin/css/lightGallery.css]
[at.alicdn.com/t/c/font_3592360_nz6nstupjoj462d.woff2]
[at.alicdn.com/t/c/font_3592360_nz6nstupjoj462d.woff]
[at.alicdn.com/t/c/font_3592360_nz6nstupjoj462d.ttf]
[at.alicdn.com/t/c/font_3592360_nz6nstupjoj.css]
[kewaqi.com/templates/netskin/images/bg_news.jpg]
[kewaqi.com/templates/netskin/images/youshibg.jpg]
[kewaqi.com/templates/netskin/css/main.css]
[kewaqi.com/index0660.html]
[kewaqi.com/upfile/20220815181845863.jpg]
[kewaqi.com/espcms_datacache/dbpic/640_640_14c1319f0c2423dab7f7bc8de8946815.jpg]
[kewaqi.com/indexb282.html]
[kewaqi.com/espcms_datacache/dbpic/640_640_03a30abce5643958a22a015d41f4fed2.jpg]
[kewaqi.com/index6671.html]
[kewaqi.com/espcms_datacache/dbpic/640_640_770db716842eaca6330d05d3d2fedbe7.jpg]
[kewaqi.com/indexcf06.html]
[kewaqi.com/espcms_datacache/dbpic/640_640_bf10e69a5b26ae1579df013739608036.jpg]
[kewaqi.com/index6b4a.html]
[kewaqi.com/espcms_datacache/dbpic/640_640_972288ac2611e064d522c54435829ddb.jpg]
[kewaqi.com/espcms_datacache/dbpic/640_640_3fa92fd3109540c97cc335de99b55462.jpg]
[kewaqi.com/index6407.html]
[kewaqi.com/espcms_datacache/dbpic/640_640_760ef49df3f84b7bdf6492aba02d290d.jpg]
[kewaqi.com/espcms_datacache/dbpic/640_640_17c326ab6b072abfe2cd2279b73431be.jpg]
[kewaqi.com/espcms_datacache/dbpic/640_640_f86bf45f35dffca5615389212a032173.jpg]
[kewaqi.com/index9815.html]
[kewaqi.com/index3876.html]
[kewaqi.com/indexa6b4.html]
[kewaqi.com/indexecca.html]
[kewaqi.com/index020d.html]
[kewaqi.com/espcms_datacache/dbpic/640_640_489cf889e36e2d41a35421fc69bdc183.jpg]
[kewaqi.com/indexc04d.html]
[kewaqi.com/espcms_datacache/dbpic/640_640_96db5097a42727eaa5cebb2aa7efd851.jpg]
[kewaqi.com/index7b94.html]
[kewaqi.com/espcms_datacache/dbpic/640_640_995761dd7505cc05b59c942c7c6960d3.jpg]
[kewaqi.com/index6ba6.html]
[kewaqi.com/espcms_datacache/dbpic/640_640_a370547f14ee2e91f5d160c533bb6394.jpg]
[kewaqi.com/index9eb9.html]
[kewaqi.com/espcms_datacache/dbpic/640_640_00b090161d420ee73867f803db25306d.jpg]
[kewaqi.com/index5a33.html]
[kewaqi.com/espcms_datacache/dbpic/640_640_afc34887a038b350f6c3ab6157dac48b.jpg]
[kewaqi.com/index47b8.html]
[kewaqi.com/espcms_datacache/dbpic/640_640_4c363eed85b3ff3c7ae44bc7db535499.jpg]
[kewaqi.com/index7ae7.html]
[kewaqi.com/index23aa.html]
[kewaqi.com/index9f4a.html]
[kewaqi.com/index76b8.html]
[kewaqi.com/index664e.html]
[kewaqi.com/index30f3.html]
[kewaqi.com/indexb7fc.html]
[kewaqi.com/upfile/20250305194513211.jpg]
[kewaqi.com/upfile/20250305194320674.png]
[kewaqi.com/upfile/2025/20250305211318702.jpg]
[kewaqi.com/upfile/2025/20250305211323849.jpg]
[kewaqi.com/upfile/2025/20250305211330717.jpg]
[kewaqi.com/index2688.html]
[kewaqi.com/upfile/20221007160251552.jpg]
[kewaqi.com/index8ac1.html]
[kewaqi.com/upfile/20221007160158375.jpg]
[kewaqi.com/index740c.html]
[kewaqi.com/upfile/20221007160125953.jpg]
[kewaqi.com/indexbec2.html]
[kewaqi.com/upfile/20221007160054351.jpg]
[kewaqi.com/index376e.html]
[kewaqi.com/upfile/20221007160023617.jpg]
[kewaqi.com/index5ada.html]
[kewaqi.com/upfile/20221007155958527.jpg]
[kewaqi.com/index657a.html]
[kewaqi.com/upfile/6ad3df146b8c9b0eaa684e538a35a6b2.jpg]
[kewaqi.com/index288e.html]
[kewaqi.com/upfile/6827efdeafe6e0e332255bdfee530650.jpg]
[kewaqi.com/indexf326.html]
[kewaqi.com/upfile/ed0af9184cacb8ce17a135e2bc1d915c.jpg]
[kewaqi.com/index2482.html]
[kewaqi.com/upfile/ae53049d74161f11a612cd6c71cd8310.jpg]
[kewaqi.com/index64eb.html]
[kewaqi.com/upfile/9c6cc2ef17b86faec6ecb45e50f76fc4.jpg]
[kewaqi.com/index8d44.html]
[kewaqi.com/index25cd.html]
[kewaqi.com/index0e85.html]
[kewaqi.com/index9076.html]
[kewaqi.com/espcms_datacache/dbpic/640_640_2b93a8d4773979cd4766f0d177cd8d5b.jpg]
[kewaqi.com/indexbde0.html]
[kewaqi.com/upfile/20221007154653345.jpg]
[kewaqi.com/index83da.html]
[kewaqi.com/upfile/18d20563b9a3db53b77beb0edfbb1caa.jpg]
[kewaqi.com/index4e98.html]
[kewaqi.com/upfile/20221007154555704.jpg]
[kewaqi.com/indexf48b.html]
[kewaqi.com/upfile/20221007154405440.jpg]
[kewaqi.com/indexd9c8.html]
[kewaqi.com/upfile/20221007154343883.jpg]
[kewaqi.com/index915c.html]
[kewaqi.com/upfile/258f6cd2e231e0d451a2025ca921f932.jpg]
[kewaqi.com/indexa5cc.html]
[kewaqi.com/upfile/814349d46400dfe5a867ca57f0750774.jpg]
[kewaqi.com/index1c7f.html]
[kewaqi.com/upfile/490e0f8b82d9f1a93b6f655b186ce6b6.jpg]
[kewaqi.com/indexaea6.html]
[kewaqi.com/upfile/bb6c1bbf263a073437bef46faf3df7f8.jpg]
[kewaqi.com/index7853.html]
[kewaqi.com/upfile/20221007154029823.jpg]
[kewaqi.com/indexf525.html]
[kewaqi.com/indexdff9.html]
[kewaqi.com/index9aba.html]
[kewaqi.com/upfile/c6808f143b49996b269430fc250d662b.jpg]
[kewaqi.com/index59cc.html]
[kewaqi.com/upfile/e19e4e95d3ddcf5db03f482e5c0a0163.jpg]
[kewaqi.com/indexef4b.html]
[kewaqi.com/upfile/20221007155445865.jpg]
[kewaqi.com/indexb24f.html]
[kewaqi.com/upfile/079b4de398eb4e3431ad71bb2a0d4295.jpg]
[kewaqi.com/index3ec1.html]
[kewaqi.com/upfile/c7946b94ebdf17db615b4b4d43979895.jpg]
[kewaqi.com/index6ce2.html]
[kewaqi.com/upfile/a6fc600579f358220ed99db8b29dc872.jpg]
[kewaqi.com/indexa77a.html]
[kewaqi.com/upfile/b7ff38e3ec85af6b4f88ad9cb9e09952.jpg]
[kewaqi.com/indexc067.html]
[kewaqi.com/indexe777.html]
[kewaqi.com/index5b31.html]
[kewaqi.com/index0afe.html]
[kewaqi.com/indexf602.html]
[kewaqi.com/indexe4fa.html]
[kewaqi.com/indexfe20.html]
[kewaqi.com/upfile/2025/20250101214950215.jpg]
[kewaqi.com/upfile/2025/20250101215000199.jpg]
[kewaqi.com/upfile/2025/20250101215010324.jpg]
[kewaqi.com/index0f6d.html]
[kewaqi.com/index0a2b.html]
[kewaqi.com/upfile/20250101215308363.jpg]
[kewaqi.com/indexfc10.html]
[at.alicdn.com/t/c/font_3592360_vr3vd0xmrn0391.woff2]
[at.alicdn.com/t/c/font_3592360_vr3vd0xmrn0391.woff]
[at.alicdn.com/t/c/font_3592360_vr3vd0xmrn0391.ttf]
[at.alicdn.com/t/c/font_3592360_vr3vd0xmrn.css]
[kewaqi.com/index6968.html]
[kewaqi.com/indexb681.html]
[kewaqi.com/index4819.html]
[kewaqi.com/index91a0.html]
[kewaqi.com/index211e.html]
[kewaqi.com/indexb3bf.html]
[kewaqi.com/indexcb3a.html]
[kewaqi.com/index925b.html]
[kewaqi.com/indexecf7.html]
[kewaqi.com/index3f3f.html]
[kewaqi.com/index5c3e.html]
[kewaqi.com/indexe4ef.html]
[kewaqi.com/index270c.html]
[kewaqi.com/index7cd4.html]
[kewaqi.com/index6130.html]
[kewaqi.com/index6354.html]
[kewaqi.com/index559f.html]
[kewaqi.com/index34e1.html]
[kewaqi.com/index0f33.html]
[kewaqi.com/index6c96.html]
[kewaqi.com/index02b5.html]
[kewaqi.com/index3bd5.html]
[kewaqi.com/indexf2e9.html]
[kewaqi.com/indexef51.html]
[kewaqi.com/indexd594.html]
[kewaqi.com/index277e.html]
[kewaqi.com/index6ac4.html]
[kewaqi.com/index0b81.html]
[kewaqi.com/index1e7a.html]
[kewaqi.com/indexadff.html]
[kewaqi.com/indexd567.html]
[kewaqi.com/index37ce.html]
[kewaqi.com/indexec97.html]
[kewaqi.com/indexcf9f.html]
[kewaqi.com/indexa09d.html]
[kewaqi.com/indexfe78.html]
[kewaqi.com/indexcb6b.html]
[kewaqi.com/index004b.html]
[kewaqi.com/index8151.html]
[kewaqi.com/index05f3.html]
[kewaqi.com/index25b3.html]
[kewaqi.com/index5f2d.html]
[kewaqi.com/index6bb0.html]
[kewaqi.com/index2cfb.html]
[kewaqi.com/index4c68.html]
[kewaqi.com/index6163.html]
[kewaqi.com/index0e7f.html]
[kewaqi.com/index8134.html]
[kewaqi.com/index4b2c.html]
[kewaqi.com/index9e10.html]
[kewaqi.com/index5b5c.html]
[kewaqi.com/indexe044.html]
[kewaqi.com/index1fc9.html]
[kewaqi.com/index37bc.html]
[kewaqi.com/indexba6a.html]
[kewaqi.com/espcms_datacache/dbpic/960_480_1ed9b274d6802687addda6bc33a33aa3.jpg]
[kewaqi.com/indexb812.html]
[kewaqi.com/index5fc1.html]
[kewaqi.com/index252a.html]
[kewaqi.com/index19de.html]
[kewaqi.com/index5b2b.html]
[kewaqi.com/index0af0.html]
[kewaqi.com/indexadf5.html]
[kewaqi.com/index2fe8.html]
[kewaqi.com/html/en/index91a0.html]
[kewaqi.com/html/en/indexf629.html]
[kewaqi.com/html/en/index211e.html]
[kewaqi.com/html/en/indexb3bf.html]
[kewaqi.com/html/en/indexcb3a.html]
[kewaqi.com/html/en/index925b.html]
[kewaqi.com/html/en/indexecf7.html]
[kewaqi.com/html/en/index3f3f.html]
[kewaqi.com/html/en/index5c3e.html]
[kewaqi.com/html/en/indexe4ef.html]
[kewaqi.com/html/en/index270c.html]
[kewaqi.com/html/en/index7cd4.html]
[kewaqi.com/html/en/index6130.html]
[kewaqi.com/html/en/index6354.html]
[kewaqi.com/html/en/index559f.html]
[kewaqi.com/html/en/index34e1.html]
[kewaqi.com/html/en/index0f33.html]
[kewaqi.com/html/en/index6c96.html]
[kewaqi.com/html/en/index02b5.html]
[kewaqi.com/html/en/index3bd5.html]
[kewaqi.com/html/en/indexf2e9.html]
[kewaqi.com/html/en/indexef51.html]
[kewaqi.com/html/en/indexd594.html]
[kewaqi.com/html/en/index277e.html]
[kewaqi.com/html/en/index6ac4.html]
[kewaqi.com/html/en/index0b81.html]
[kewaqi.com/html/en/index1e7a.html]
[kewaqi.com/html/en/indexadff.html]
[kewaqi.com/html/en/indexd567.html]
[kewaqi.com/html/en/index37ce.html]
[kewaqi.com/html/en/indexec97.html]
[kewaqi.com/html/en/indexcf9f.html]
[kewaqi.com/html/en/indexa09d.html]
[kewaqi.com/html/en/indexfe78.html]
[kewaqi.com/html/en/index004b.html]
[kewaqi.com/html/en/index8151.html]
[kewaqi.com/html/en/index25b3.html]
[kewaqi.com/html/en/index5f2d.html]
[kewaqi.com/html/en/index6bb0.html]
[kewaqi.com/html/en/index2cfb.html]
[kewaqi.com/html/en/index4c68.html]
[kewaqi.com/html/en/index6163.html]
[kewaqi.com/html/en/index0e7f.html]
[kewaqi.com/html/en/index8134.html]
[kewaqi.com/html/en/index4b2c.html]
[kewaqi.com/html/en/index9e10.html]
[kewaqi.com/html/en/index5b5c.html]
[kewaqi.com/html/en/indexe044.html]
[kewaqi.com/html/en/index1fc9.html]
[kewaqi.com/html/en/index37bc.html]
[kewaqi.com/espcms_datacache/dbpic/600_600_a665121726a2d63bc1fde513f7eefdca.jpg]
[kewaqi.com/espcms_datacache/dbpic/600_600_95916a7361ff3e022f8fd9715cda5fd7.jpg]
[kewaqi.com/espcms_datacache/dbpic/600_600_10f9a988b34ba981bb0507abf110b599.jpg]
[kewaqi.com/espcms_datacache/dbpic/600_600_670e9de8a8b21855d2a31916f135b564.jpg]
[kewaqi.com/espcms_datacache/dbpic/600_600_bbc42e89329b2d928c5b8bdb4357b1f2.jpg]
[kewaqi.com/html/en/indexef71.png]
[kewaqi.com/html/en/index7e75.html]
[kewaqi.com/html/en/indexc900.html]
[kewaqi.com/html/en/indexf6f8.html]
[kewaqi.com/html/en/indexb2c5.html]
[kewaqi.com/html/en/index05f3.html]
[kewaqi.com/html/en/indexcb6b.html]
[kewaqi.com/html/en/indexb681.html]
[kewaqi.com/html/en/index4819.html]
[kewaqi.com/html/en/index0af0.html]
[kewaqi.com/html/en/index19de.html]
[kewaqi.com/html/en/index5b2b.html]
[kewaqi.com/html/en/indexc771.html]
[kewaqi.com/html/en/index5fc1.html]
[kewaqi.com/html/en/indexf769.html]
[kewaqi.com/html/en/indexb812.html]
[kewaqi.com/html/en/indexf36c.html]
[kewaqi.com/html/en/indexba6a.html]
[kewaqi.com/html/en/index6968.html]
[kewaqi.com/html/en/index252a.html]
[kewaqi.com/html/en/indexadf5.html]
[kewaqi.com/templates/netskin/js/mapen.js]
[kewaqi.com/html/en/index2fe8.html]
[kewaqi.com/templates/netskin/fonts/lgd641.svg]
[kewaqi.com/templates/netskin/img/vimeo-play.html]
[kewaqi.com/templates/netskin/img/video-play.html]
[kewaqi.com/templates/netskin/img/youtube-play.html]
[kewaqi.com/upfile/20221007153925330.jpg]
[kewaqi.com/index0660.html]
[kewaqi.com/upfile/20221007153900127.jpg]
[kewaqi.com/indexb282.html]
[kewaqi.com/upfile/20221007153828136.jpg]
[kewaqi.com/index6671.html]
[kewaqi.com/upfile/20221007153802197.jpg]
[kewaqi.com/indexcf06.html]
[kewaqi.com/upfile/bbf1fc6ca016bedf2ad95b13a6795876.jpg]
[kewaqi.com/upfile/20221013184546188.jpg]
[kewaqi.com/index6b4a.html]
[kewaqi.com/upfile/d26a2ce04c26c1d8e3b0ccb12494325a.jpg]
[kewaqi.com/index6407.html]
[kewaqi.com/indexe2cf.html]
[kewaqi.com/index9815.html]
[kewaqi.com/upfile/af6f0b156e599c6c8190d433d25ca1b6.jpg]
[kewaqi.com/index020d.html]
[kewaqi.com/upfile/342d02a938129f294aa913fd87374ab9.jpg]
[kewaqi.com/indexc04d.html]
[kewaqi.com/upfile/a8a75c6ea0445ba63bad611aa08c2d0b.jpg]
[kewaqi.com/index7b94.html]
[kewaqi.com/upfile/9046af5254dbc09fcc48825566e7c912.jpg]
[kewaqi.com/index6ba6.html]
[kewaqi.com/upfile/b6b866db8825d2673083b76992e065d3.jpg]
[kewaqi.com/index9eb9.html]
[kewaqi.com/upfile/5bfe98b1dffdfda7994b69e28f15e2b3.jpg]
[kewaqi.com/index5a33.html]
[kewaqi.com/upfile/3cc2f838899d66c2c86e518c59181095.jpg]
[kewaqi.com/index47b8.html]
[kewaqi.com/index25cd.html]
[kewaqi.com/indexdff9.html]
[kewaqi.com/indexe777.html]
[kewaqi.com/indexfe20.html]
[kewaqi.com/index0a2b.html]
[kewaqi.com/indexe8b6.html]
[kewaqi.com/index4260.html]
[kewaqi.com/indexd26e.html]
[kewaqi.com/index2ee4.html]
[kewaqi.com/indexed0c.html]
[kewaqi.com/indexb2c5.html]
[kewaqi.com/index2892.html]
[kewaqi.com/indexf6f8.html]
[kewaqi.com/indexc900.html]
[kewaqi.com/index6879.html]
[kewaqi.com/index91a0.html]
[kewaqi.com/index211e.html]
[kewaqi.com/index49d5.html]
[kewaqi.com/indexf629.php]
[kewaqi.com/indexb34e.html]
[kewaqi.com/index34d0.html]
[kewaqi.com/indexc24c.html]
[kewaqi.com/index56d8.html]
[kewaqi.com/index18d5.html]
[kewaqi.com/indexf18c.html]
[kewaqi.com/indexb3bf.html]
[kewaqi.com/indexcb3a.html]
[kewaqi.com/index925b.html]
[kewaqi.com/indexecf7.html]
[kewaqi.com/index3f3f.html]
[kewaqi.com/index5c3e.html]
[kewaqi.com/indexe4ef.html]
[kewaqi.com/index270c.html]
[kewaqi.com/index7cd4.html]
[kewaqi.com/index6130.html]
[kewaqi.com/index6354.html]
[kewaqi.com/index559f.html]
[kewaqi.com/index34e1.html]
[kewaqi.com/index0f33.html]
[kewaqi.com/index6c96.html]
[kewaqi.com/index02b5.html]
[kewaqi.com/index3bd5.html]
[kewaqi.com/indexf2e9.html]
[kewaqi.com/indexef51.html]
[kewaqi.com/indexbcfd.html]
[kewaqi.com/indexd594.html]
[kewaqi.com/index277e.html]
[kewaqi.com/index7e75.html]
[kewaqi.com/index6ac4.html]
[kewaqi.com/index1e7a.html]
[kewaqi.com/indexadff.html]
[kewaqi.com/indexd567.html]
[kewaqi.com/index37ce.html]
[kewaqi.com/indexec97.html]
[kewaqi.com/indexcf9f.html]
[kewaqi.com/indexa09d.html]
[kewaqi.com/indexfe78.html]
[kewaqi.com/indexcb6b.html]
[kewaqi.com/index004b.html]
[kewaqi.com/index8151.html]
[kewaqi.com/index05f3.html]
[kewaqi.com/indexbccb.html]
[kewaqi.com/index25b3.html]
[kewaqi.com/index6bb0.html]
[kewaqi.com/index2cfb.html]
[kewaqi.com/index4c68.html]
[kewaqi.com/index6163.html]
[kewaqi.com/index0e7f.html]
[kewaqi.com/index8134.html]
[kewaqi.com/index9e5e.html]
[kewaqi.com/index4b2c.html]
[kewaqi.com/indexf36c.html]
[kewaqi.com/indexba6a.html]
[kewaqi.com/indexf769.html]
[kewaqi.com/indexb812.html]
[kewaqi.com/indexc771.html]
[kewaqi.com/index5fc1.html]
[kewaqi.com/html/en/indexe8b6.html]
[kewaqi.com/html/en/index4260.html]
[kewaqi.com/html/en/indexd26e.html]
[kewaqi.com/html/en/index2ee4.html]
[kewaqi.com/html/en/indexed0c.html]
[kewaqi.com/html/en/index2892.html]
[kewaqi.com/html/en/index6879.html]
[kewaqi.com/html/en/index91a0.html]
[kewaqi.com/html/en/indexf629.html]
[kewaqi.com/html/en/index211e.html]
[kewaqi.com/html/en/index49d5.html]
[kewaqi.com/html/en/indexb34e.html]
[kewaqi.com/html/en/index34d0.html]
[kewaqi.com/html/en/indexc24c.html]
[kewaqi.com/html/en/index56d8.html]
[kewaqi.com/html/en/index18d5.html]
[kewaqi.com/html/en/indexf18c.html]
[kewaqi.com/html/en/indexb3bf.html]
[kewaqi.com/html/en/indexcb3a.html]
[kewaqi.com/html/en/index925b.html]
[kewaqi.com/html/en/indexecf7.html]
[kewaqi.com/html/en/index3f3f.html]
[kewaqi.com/html/en/index5c3e.html]
[kewaqi.com/html/en/indexe4ef.html]
[kewaqi.com/html/en/index270c.html]
[kewaqi.com/html/en/index7cd4.html]
[kewaqi.com/html/en/index6130.html]
[kewaqi.com/html/en/index6354.html]
[kewaqi.com/html/en/index559f.html]
[kewaqi.com/html/en/index34e1.html]
[kewaqi.com/html/en/index0f33.html]
[kewaqi.com/html/en/index6c96.html]
[kewaqi.com/html/en/index02b5.html]
[kewaqi.com/html/en/index3bd5.html]
[kewaqi.com/html/en/indexf2e9.html]
[kewaqi.com/html/en/indexef51.html]
[kewaqi.com/html/en/indexbcfd.html]
[kewaqi.com/html/en/indexd594.html]
[kewaqi.com/html/en/index277e.html]
[kewaqi.com/html/en/index6ac4.html]
[kewaqi.com/html/en/index1e7a.html]
[kewaqi.com/html/en/indexadff.html]
[kewaqi.com/html/en/indexd567.html]
[kewaqi.com/html/en/index37ce.html]
[kewaqi.com/html/en/indexec97.html]
[kewaqi.com/html/en/indexcf9f.html]
[kewaqi.com/html/en/indexa09d.html]
[kewaqi.com/html/en/indexfe78.html]
[kewaqi.com/html/en/index004b.html]
[kewaqi.com/html/en/index8151.html]
[kewaqi.com/html/en/indexbccb.html]
[kewaqi.com/html/en/index25b3.html]
[kewaqi.com/html/en/index6bb0.html]
[kewaqi.com/html/en/index2cfb.html]
[kewaqi.com/html/en/index4c68.html]
[kewaqi.com/html/en/index6163.html]
[kewaqi.com/html/en/index0e7f.html]
[kewaqi.com/html/en/index8134.html]
[kewaqi.com/html/en/index9e5e.html]
[kewaqi.com/html/en/index4b2c.html]
[kewaqi.com/html/en/index0af0.html]
[kewaqi.com/html/en/index19de.html]
[kewaqi.com/html/en/index5b2b.html]
[kewaqi.com/html/en/indexc771.html]
[kewaqi.com/html/en/indexf769.html]
[kewaqi.com/html/en/indexf36c.html]
[kewaqi.com/indexe2cf.html]
[kewaqi.com/indexe8b6.html]
[kewaqi.com/index4260.html]
[kewaqi.com/indexd26e.html]
[kewaqi.com/index2ee4.html]
[kewaqi.com/indexed0c.html]
[kewaqi.com/indexb2c5.html]
[kewaqi.com/index2892.html]
[kewaqi.com/indexf6f8.html]
[kewaqi.com/indexc900.html]
[kewaqi.com/index650b.html]
[kewaqi.com/index6879.html]
[kewaqi.com/indexf629.php]
[kewaqi.com/index49d5.html]
[kewaqi.com/indexb34e.html]
[kewaqi.com/index34d0.html]
[kewaqi.com/indexc24c.html]
[kewaqi.com/index56d8.html]
[kewaqi.com/index18d5.html]
[kewaqi.com/indexf18c.html]
[kewaqi.com/indexbcfd.html]
[kewaqi.com/index7e75.html]
[kewaqi.com/indexbccb.html]
[kewaqi.com/index9e5e.html]
[kewaqi.com/indexf36c.html]
[kewaqi.com/indexf769.html]
[kewaqi.com/indexc771.html]
[kewaqi.com/html/en/indexe8b6.html]
[kewaqi.com/html/en/index4260.html]
[kewaqi.com/html/en/indexd26e.html]
[kewaqi.com/html/en/index2ee4.html]
[kewaqi.com/html/en/indexed0c.html]
[kewaqi.com/html/en/index2892.html]
[kewaqi.com/html/en/index650b.html]
[kewaqi.com/html/en/index6879.html]
[kewaqi.com/html/en/index49d5.html]
[kewaqi.com/html/en/indexb34e.html]
[kewaqi.com/html/en/index34d0.html]
[kewaqi.com/html/en/indexc24c.html]
[kewaqi.com/html/en/index56d8.html]
[kewaqi.com/html/en/index18d5.html]
[kewaqi.com/html/en/indexf18c.html]
[kewaqi.com/html/en/indexbcfd.html]
[kewaqi.com/html/en/indexbccb.html]
[kewaqi.com/html/en/index9e5e.html]
[kewaqi.com/index650b.html]
[kewaqi.com/html/en/index650b.html]
